// Jest Snapshot v1, https://goo.gl/fbAQLP

exports[`Given An Animal Service  When a request to list all the animals is made Then ir should return the right data 1`] = `
Array [
  Object {
    "breed": "Bengali",
    "gender": "Female",
    "isVaccinated": true,
    "name": "Manchas",
    "vaccines": Array [
      Array [
        "rabia",
      ],
    ],
  },
]
`;
